// Jest Snapshot v1, https://goo.gl/fbAQLP

exports[`<Main /> render testMain 1`] = `
<div
  className="page page--gray page--main"
>
  <header
    className="header"
  >
    <div
      className="container"
    >
      <div
        className="header__wrapper"
      >
        <div
          className="header__left"
        >
          <a
            className="header__logo-link header__logo-link--active"
          >
            <img
              alt="6 cities logo"
              className="header__logo"
              height="41"
              src="img/logo.svg"
              width="81"
            />
          </a>
        </div>
        <nav
          className="header__nav"
        >
          <ul
            className="header__nav-list"
          >
            <li
              className="header__nav-item user"
            >
              <a
                className="header__nav-link header__nav-link--profile"
                href="/favorites"
                onClick={[Function]}
              >
                <div
                  className="header__avatar-wrapper user__avatar-wrapper"
                  style={
                    Object {
                      "backgroundImage": "url(https://assets.htmlacademy.ru/intensives/javascript-3/avatar/5.jpg)",
                    }
                  }
                />
                <span
                  className="header__user-name user__name"
                >
                  zubov@infonica.ru
                </span>
              </a>
            </li>
          </ul>
        </nav>
      </div>
    </div>
  </header>
  <main
    className="page__main page__main--index page__main--index-empty"
  >
    <h1
      className="visually-hidden"
    >
      Cities
    </h1>
    <div
      className="tabs"
    >
      <section
        className="locations container"
      >
        <ul
          className="locations__list tabs__list"
          onClick={[Function]}
        >
          <li
            className="locations__item"
          >
            <a
              className="locations__item-link tabs__item"
              href="#"
            >
              <span>
                Paris
              </span>
            </a>
          </li>
          <li
            className="locations__item"
          >
            <a
              className="locations__item-link tabs__item"
              href="#"
            >
              <span>
                Cologne
              </span>
            </a>
          </li>
          <li
            className="locations__item"
          >
            <a
              className="locations__item-link tabs__item"
              href="#"
            >
              <span>
                Brussels
              </span>
            </a>
          </li>
          <li
            className="locations__item"
          >
            <a
              className="locations__item-link tabs__item tabs__item--active"
              href="#"
            >
              <span>
                Amsterdam
              </span>
            </a>
          </li>
          <li
            className="locations__item"
          >
            <a
              className="locations__item-link tabs__item"
              href="#"
            >
              <span>
                Hamburg
              </span>
            </a>
          </li>
          <li
            className="locations__item"
          >
            <a
              className="locations__item-link tabs__item"
              href="#"
            >
              <span>
                Dusseldorf
              </span>
            </a>
          </li>
        </ul>
      </section>
    </div>
    <div
      className="cities"
    >
      <div
        className="cities__places-container container"
      >
        <section
          className="cities__places places"
        >
          <h2
            className="visually-hidden"
          >
            Places
          </h2>
          <b
            className="places__found"
          >
            3
             places to stay in 
            Amsterdam
          </b>
          <form
            action="#"
            className="places__sorting"
            method="get"
          >
            <span
              className="places__sorting-caption"
            >
              Sort by
            </span>
            <span
              className="places__sorting-type"
              onClick={[Function]}
              tabIndex="0"
            >
              <svg
                className="places__sorting-arrow"
                height="4"
                width="7"
              >
                <use
                  xlinkHref="#icon-arrow-select"
                />
              </svg>
            </span>
            <ul
              className="places__options places__options--custom places__options--closed"
            >
              <li
                className="places__option"
                onClick={[Function]}
                tabIndex="0"
              >
                Popular
              </li>
              <li
                className="places__option"
                onClick={[Function]}
                tabIndex="0"
              >
                Price: low to high
              </li>
              <li
                className="places__option"
                onClick={[Function]}
                tabIndex="0"
              >
                Price: high to low
              </li>
              <li
                className="places__option"
                onClick={[Function]}
                tabIndex="0"
              >
                Top rated first
              </li>
            </ul>
          </form>
          <div
            className="places__list cities__places-list tabs__content"
          >
            <article
              className="place-card cities__place-card"
              onMouseLeave={[Function]}
              onMouseOver={[Function]}
            >
              <div
                className="place-card__mark"
                style={
                  Object {
                    "display": "none",
                  }
                }
              >
                <span>
                  Premium
                </span>
              </div>
              <div
                className="place-card__image-wrapper cities__image-wrapper"
              >
                <a
                  href="/offer/10855531487849812"
                  onClick={[Function]}
                >
                  <img
                    alt="Place image"
                    className="place-card__image"
                    height="200"
                    src="img/room-small.jpg"
                    width="260"
                  />
                </a>
              </div>
              <div
                className="place-card__info"
              >
                <div
                  className="place-card__price-wrapper"
                >
                  <div
                    className="place-card__price"
                  >
                    <b
                      className="place-card__price-value"
                    >
                      â‚¬
                      130
                    </b>
                    <span
                      className="place-card__price-text"
                    />
                  </div>
                  <button
                    className="place-card__bookmark-button button"
                    type="button"
                  >
                    <svg
                      className="place-card__bookmark-icon"
                      height="19"
                      width="18"
                    >
                      <use
                        xlinkHref="#icon-bookmark"
                      />
                    </svg>
                    <span
                      className="visually-hidden"
                    >
                      To bookmarks
                    </span>
                  </button>
                </div>
                <div
                  className="place-card__rating rating"
                >
                  <div
                    className="place-card__stars rating__stars"
                  >
                    <span
                      style={
                        Object {
                          "width": "1480%",
                        }
                      }
                    />
                    <span
                      className="visually-hidden"
                    >
                      Rating
                    </span>
                  </div>
                </div>
                <h2
                  className="place-card__name"
                >
                  <a
                    href="/offer/10855531487849812"
                    onClick={[Function]}
                  >
                    Wood and stone place
                  </a>
                </h2>
                <p
                  className="place-card__type"
                >
                  studio
                </p>
              </div>
            </article>
            <article
              className="place-card cities__place-card"
              onMouseLeave={[Function]}
              onMouseOver={[Function]}
            >
              <div
                className="place-card__mark"
                style={
                  Object {
                    "display": "none",
                  }
                }
              >
                <span>
                  Premium
                </span>
              </div>
              <div
                className="place-card__image-wrapper cities__image-wrapper"
              >
                <a
                  href="/offer/4543963331385126"
                  onClick={[Function]}
                >
                  <img
                    alt="Place image"
                    className="place-card__image"
                    height="200"
                    src="img/room-small.jpg"
                    width="260"
                  />
                </a>
              </div>
              <div
                className="place-card__info"
              >
                <div
                  className="place-card__price-wrapper"
                >
                  <div
                    className="place-card__price"
                  >
                    <b
                      className="place-card__price-value"
                    >
                      â‚¬
                      60
                    </b>
                    <span
                      className="place-card__price-text"
                    />
                  </div>
                  <button
                    className="place-card__bookmark-button button"
                    type="button"
                  >
                    <svg
                      className="place-card__bookmark-icon"
                      height="19"
                      width="18"
                    >
                      <use
                        xlinkHref="#icon-bookmark"
                      />
                    </svg>
                    <span
                      className="visually-hidden"
                    >
                      To bookmarks
                    </span>
                  </button>
                </div>
                <div
                  className="place-card__rating rating"
                >
                  <div
                    className="place-card__stars rating__stars"
                  >
                    <span
                      style={
                        Object {
                          "width": "1639.9999999999995%",
                        }
                      }
                    />
                    <span
                      className="visually-hidden"
                    >
                      Rating
                    </span>
                  </div>
                </div>
                <h2
                  className="place-card__name"
                >
                  <a
                    href="/offer/4543963331385126"
                    onClick={[Function]}
                  >
                    Nice, cozy, warm big bed apartment
                  </a>
                </h2>
                <p
                  className="place-card__type"
                >
                  studio
                </p>
              </div>
            </article>
            <article
              className="place-card cities__place-card"
              onMouseLeave={[Function]}
              onMouseOver={[Function]}
            >
              <div
                className="place-card__mark"
                style={
                  Object {
                    "display": "block",
                  }
                }
              >
                <span>
                  Premium
                </span>
              </div>
              <div
                className="place-card__image-wrapper cities__image-wrapper"
              >
                <a
                  href="/offer/88986002318173"
                  onClick={[Function]}
                >
                  <img
                    alt="Place image"
                    className="place-card__image"
                    height="200"
                    src="img/room-small.jpg"
                    width="260"
                  />
                </a>
              </div>
              <div
                className="place-card__info"
              >
                <div
                  className="place-card__price-wrapper"
                >
                  <div
                    className="place-card__price"
                  >
                    <b
                      className="place-card__price-value"
                    >
                      â‚¬
                      100
                    </b>
                    <span
                      className="place-card__price-text"
                    />
                  </div>
                  <button
                    className="place-card__bookmark-button button"
                    type="button"
                  >
                    <svg
                      className="place-card__bookmark-icon"
                      height="19"
                      width="18"
                    >
                      <use
                        xlinkHref="#icon-bookmark"
                      />
                    </svg>
                    <span
                      className="visually-hidden"
                    >
                      To bookmarks
                    </span>
                  </button>
                </div>
                <div
                  className="place-card__rating rating"
                >
                  <div
                    className="place-card__stars rating__stars"
                  >
                    <span
                      style={
                        Object {
                          "width": "1519.9999999999995%",
                        }
                      }
                    />
                    <span
                      className="visually-hidden"
                    >
                      Rating
                    </span>
                  </div>
                </div>
                <h2
                  className="place-card__name"
                >
                  <a
                    href="/offer/88986002318173"
                    onClick={[Function]}
                  >
                    Wood and stone place
                  </a>
                </h2>
                <p
                  className="place-card__type"
                >
                  private room
                </p>
              </div>
            </article>
          </div>
        </section>
        <div
          className="cities__right-section"
        >
          <section
            className="cities__map map"
          >
            <Map
              offers={
                Array [
                  Object {
                    "adults": 2,
                    "bedrooms": 3,
                    "city": Object {
                      "location": Object {
                        "latitude": 52.370216,
                        "longitude": 4.895168,
                        "zoom": 10,
                      },
                      "name": "Brussels",
                    },
                    "description": "Great hotel. Good location. Everything is clean and cozy. A variety of breakfasts. I thank the hotel staff. I would like to note that everyone is very friendly and polite, so an atmosphere of good rest and excellent mood is created.",
                    "goods": Array [
                      "Washing machine",
                      "Towels",
                      "Heating",
                      "Coffee machine",
                    ],
                    "host": Object {
                      "avatarUrl": "img/avatar-angelina.jpg",
                      "id": 3,
                      "name": "Angelina",
                    },
                    "id": 10855531487849812,
                    "images": Array [
                      "img/apartment-01.jpg",
                      "img/apartment-02.jpg",
                      "img/apartment-03.jpg",
                    ],
                    "isFavorite": true,
                    "isPremium": false,
                    "location": Object {
                      "latitude": 52.3814938496678,
                      "longitude": 4.629877537499948,
                    },
                    "previewImage": "img/room-small.jpg",
                    "price": 130,
                    "rating": 74,
                    "tariff": "night",
                    "title": "Wood and stone place",
                    "type": "studio",
                  },
                  Object {
                    "adults": 4,
                    "bedrooms": 2,
                    "city": Object {
                      "location": Object {
                        "latitude": 52.370216,
                        "longitude": 4.895168,
                        "zoom": 10,
                      },
                      "name": "Cologne",
                    },
                    "description": "Very recommended: comfortable location, incredibly friendly staff, very tasty breakfasts, cleanliness, comfort. A decent hotel! You're great, so keep it! Thanks for the hospitality, be sure to return to you.",
                    "goods": Array [
                      "Towels",
                      "Heating",
                      "Coffee machine",
                      "Baby seat",
                    ],
                    "host": Object {
                      "avatarUrl": "img/avatar-angelina.jpg",
                      "id": 3,
                      "name": "Angelina",
                    },
                    "id": 4543963331385126,
                    "images": Array [
                      "img/apartment-01.jpg",
                      "img/apartment-02.jpg",
                      "img/apartment-03.jpg",
                    ],
                    "isFavorite": false,
                    "isPremium": false,
                    "location": Object {
                      "latitude": 52.3714938496678,
                      "longitude": 4.690877537499948,
                    },
                    "previewImage": "img/room-small.jpg",
                    "price": 60,
                    "rating": 81.99999999999999,
                    "tariff": "night",
                    "title": "Nice, cozy, warm big bed apartment",
                    "type": "studio",
                  },
                  Object {
                    "adults": 2,
                    "bedrooms": 1,
                    "city": Object {
                      "location": Object {
                        "latitude": 52.370216,
                        "longitude": 4.895168,
                        "zoom": 10,
                      },
                      "name": "Hamburg",
                    },
                    "description": "Very recommended: comfortable location, incredibly friendly staff, very tasty breakfasts, cleanliness, comfort. A decent hotel! You're great, so keep it! Thanks for the hospitality, be sure to return to you.",
                    "goods": Array [
                      "Heating",
                      "Coffee machine",
                      "Baby seat",
                      "Kitchen",
                    ],
                    "host": Object {
                      "avatarUrl": "img/avatar-angelina.jpg",
                      "id": 3,
                      "name": "Angelina",
                    },
                    "id": 88986002318173,
                    "images": Array [
                      "img/apartment-01.jpg",
                      "img/apartment-02.jpg",
                      "img/apartment-03.jpg",
                    ],
                    "isFavorite": false,
                    "isPremium": true,
                    "location": Object {
                      "latitude": 52.3514938496678,
                      "longitude": 4.612877537499948,
                    },
                    "previewImage": "img/room-small.jpg",
                    "price": 100,
                    "rating": 75.99999999999999,
                    "tariff": "night",
                    "title": "Wood and stone place",
                    "type": "private room",
                  },
                ]
              }
            />
          </section>
        </div>
      </div>
    </div>
  </main>
</div>
`;
